---
source: tests/ported/c_tests.rs
expression: sbdf
---
Sbdf(
  file_header: FileHeader(
    major_version: 1,
    minor_version: 0,
  ),
  table_metadata: TableMetadata(
    metadata: [
      Metadata(
        name: "SbdfTest.TableMetaBoolean",
        value: Bool(true),
        default_value: None,
      ),
    ],
    columns: [
      ColumnMetadata(
        name: "Boolean",
        ty: Bool,
        other: [
          Metadata(
            name: "SbdfTest.ColumnMetaBoolean0",
            value: Bool(true),
            default_value: None,
          ),
        ],
      ),
    ],
  ),
  table_slices: [
    TableSlice(
      column_slices: [
        ColumnSlice(
          values: BitArray(EncodedBitArray(
            bit_count: 100,
            bytes: [
              73,
              36,
              130,
              73,
              36,
              18,
              73,
              32,
              146,
              73,
              4,
              146,
              64,
            ],
          )),
          properties: ColumnProperties(
            is_invalid: Some(EncodedBitArray(
              bit_count: 100,
              bytes: [
                4,
                8,
                16,
                32,
                64,
                128,
                2,
                4,
                8,
                16,
                32,
                64,
                128,
              ],
            )),
            error_code: Some(Plain(
              value: StringArray(StringArray([
                "",
                "",
                "Error 35",
                "",
                "",
                "",
                "",
                "",
                "",
                "",
                "",
                "Error 44",
                "",
                "",
                "",
                "",
                "",
                "",
                "",
                "",
                "Error 53",
                "",
                "",
                "",
                "",
                "",
                "",
                "",
                "",
                "Error 62",
                "",
                "",
                "",
                "",
                "",
                "",
                "",
                "",
                "Error 71",
                "",
                "",
                "",
                "",
                "",
                "",
                "",
                "",
                "Error 80",
                "",
                "",
                "",
                "",
                "",
                "",
                "",
                "",
                "Error 89",
                "",
                "",
                "",
                "",
                "",
                "",
                "",
                "",
                "Error 98",
                "",
                "",
                "",
                "",
                "",
                "",
                "",
                "",
                "Error 107",
                "",
                "",
                "",
                "",
                "",
                "",
                "",
                "",
                "Error 116",
                "",
                "",
                "",
                "",
                "",
                "",
                "",
                "",
                "Error 125",
                "",
                "",
                "",
                "",
                "",
                "",
                "",
              ])),
            )),
            has_replaced_value: Some(EncodedBitArray(
              bit_count: 100,
              bytes: [
                1,
                0,
                0,
                1,
                0,
                16,
                1,
                0,
                16,
                1,
                0,
                16,
                0,
              ],
            )),
            other: [],
          ),
        ),
      ],
    ),
  ],
)
