---
source: tests/ported/c_tests.rs
expression: sbdf
---
Sbdf(
  file_header: FileHeader(
    major_version: 1,
    minor_version: 0,
  ),
  table_metadata: TableMetadata(
    metadata: [
      Metadata(
        name: "SbdfTest.TableMetaDate",
        value: Date(49923043200000),
      ),
    ],
    columns: [
      ColumnMetadata(
        name: "Date",
        ty: Date,
        other: [
          Metadata(
            name: "SbdfTest.ColumnMetaDate0",
            value: Date(49923043200000),
          ),
        ],
      ),
    ],
  ),
  table_slices: [
    TableSlice(
      column_slices: [
        ColumnSlice(
          values: Plain(
            value: Date(49923129600000),
          ),
          properties: [],
        ),
      ],
    ),
  ],
)
