---
source: tests/ported/c_tests.rs
expression: sbdf
---
Sbdf(
  file_header: FileHeader(
    major_version: 1,
    minor_version: 0,
  ),
  table_metadata: TableMetadata(
    metadata: [
      Metadata(
        name: "SbdfTest.TableMetaTime",
        value: Time(33000),
        default_value: None,
      ),
    ],
    columns: [
      ColumnMetadata(
        name: "Time",
        ty: Time,
        other: [
          Metadata(
            name: "SbdfTest.ColumnMetaTime0",
            value: Time(33000),
            default_value: None,
          ),
        ],
      ),
    ],
  ),
  table_slices: [
    TableSlice(
      column_slices: [
        ColumnSlice(
          values: Plain(TimeArray(TimeArray([
            1105000,
            1139000,
            0,
            1206000,
            1239000,
            0,
            1306000,
            1340000,
            1373000,
            1407000,
            1440000,
            0,
            0,
            1541000,
            1574000,
            1608000,
            1641000,
            1675000,
            1708000,
            0,
            0,
            1809000,
            1842000,
            1876000,
            1909000,
            1943000,
            0,
            2010000,
            2043000,
            0,
            2110000,
            2144000,
            2177000,
            0,
            2244000,
            2278000,
            2311000,
            2345000,
            0,
            2412000,
            0,
            2479000,
            2512000,
            2546000,
            2579000,
            2613000,
            2646000,
            0,
            2713000,
            2747000,
            2780000,
            2814000,
            2847000,
            2881000,
            0,
            2948000,
            0,
            3015000,
            3048000,
            3082000,
            3115000,
            0,
            3182000,
            3216000,
            3249000,
            0,
            3316000,
            3350000,
            0,
            3417000,
            3450000,
            3484000,
            3517000,
            3551000,
            0,
            0,
            3651000,
            3685000,
            3718000,
            3752000,
            3785000,
            3819000,
            0,
            0,
            3919000,
            3953000,
            3986000,
            4020000,
            4053000,
            0,
            4120000,
            4154000,
            0,
            4221000,
            4254000,
            4288000,
            0,
            4355000,
            4388000,
            4422000,
          ]))),
          properties: ColumnProperties(
            is_invalid: Some(EncodedBitArray(
              bit_count: 100,
              bytes: [
                4,
                8,
                16,
                32,
                64,
                128,
                2,
                4,
                8,
                16,
                32,
                64,
                128,
              ],
            )),
            error_code: Some(Plain(StringArray(StringArray([
              "",
              "",
              "Error 35",
              "",
              "",
              "",
              "",
              "",
              "",
              "",
              "",
              "Error 44",
              "",
              "",
              "",
              "",
              "",
              "",
              "",
              "",
              "Error 53",
              "",
              "",
              "",
              "",
              "",
              "",
              "",
              "",
              "Error 62",
              "",
              "",
              "",
              "",
              "",
              "",
              "",
              "",
              "Error 71",
              "",
              "",
              "",
              "",
              "",
              "",
              "",
              "",
              "Error 80",
              "",
              "",
              "",
              "",
              "",
              "",
              "",
              "",
              "Error 89",
              "",
              "",
              "",
              "",
              "",
              "",
              "",
              "",
              "Error 98",
              "",
              "",
              "",
              "",
              "",
              "",
              "",
              "",
              "Error 107",
              "",
              "",
              "",
              "",
              "",
              "",
              "",
              "",
              "Error 116",
              "",
              "",
              "",
              "",
              "",
              "",
              "",
              "",
              "Error 125",
              "",
              "",
              "",
              "",
              "",
              "",
              "",
            ])))),
            has_replaced_value: Some(EncodedBitArray(
              bit_count: 100,
              bytes: [
                1,
                0,
                0,
                1,
                0,
                16,
                1,
                0,
                16,
                1,
                0,
                16,
                0,
              ],
            )),
            other: [],
          ),
        ),
      ],
    ),
  ],
)
