---
source: tests/ported/c_tests.rs
expression: sbdf
---
Sbdf(
  file_header: FileHeader(
    major_version: 1,
    minor_version: 0,
  ),
  table_metadata: TableMetadata(
    metadata: [
      Metadata(
        name: "SbdfTest.TableMetaTime",
        value: Time(33000),
        default_value: None,
      ),
    ],
    columns: [],
  ),
  table_slices: [],
)
